I'm sorry, but errors were detected in your script. Please correct the
errors listed below, and try again.


File "game/scripts/script.rpy", line 109: expected statement.
    renpy.notify("Apple added")
                               ^

File "game/scripts/script.rpy", line 112: expected statement.
    renpy.notify("Sword added")
                               ^

Ren'Py Version: Ren'Py 8.2.3.24061702
Sun Jul  7 21:44:43 2024
